// Jest Snapshot v1, https://goo.gl/fbAQLP

exports[`Should render Expense dashboard page 1`] = `
<div>
  <[object Object] />
  <[object Object] />
</div>
`;
