// Jest Snapshot v1, https://goo.gl/fbAQLP

exports[`Should render header correctly 1`] = `
<div>
  <h1>
    Expensify App
  </h1>
  <[object Object]
    activeClassName="is-active"
    exact={true}
    to="/"
  >
    Home 
  </[object Object]>
  <[object Object]
    activeClassName="is-active"
    to="/create"
  >
    create Expense 
  </[object Object]>
</div>
`;
