// Jest Snapshot v1, https://goo.gl/fbAQLP

exports[`Should render 404 page 1`] = `
<div>
  404 - 
  <[object Object]
    to="/"
  >
    Go Home
  </[object Object]>
</div>
`;
